#-----------------------------------------------------------
# Webtalk v2020.2 (64-bit)
# SW Build 3064766 on Wed Nov 18 09:12:45 MST 2020
# IP Build 3064653 on Wed Nov 18 14:17:31 MST 2020
# Start of session at: Sat Feb 13 16:34:42 2021
# Process ID: 8772
# Current directory: C:/Users/Zak/Desktop/master_2/projet/Program-synthesis-grom-Go-to-zyng-/exemple1/channel_design/channel_design.sim/sim_1/behav/xsim
# Command line: wbtcv.exe -mode batch -source C:/Users/Zak/Desktop/master_2/projet/Program-synthesis-grom-Go-to-zyng-/exemple1/channel_design/channel_design.sim/sim_1/behav/xsim/xsim.dir/tb_channel_behav/webtalk/xsim_webtalk.tcl -notrace
# Log file: C:/Users/Zak/Desktop/master_2/projet/Program-synthesis-grom-Go-to-zyng-/exemple1/channel_design/channel_design.sim/sim_1/behav/xsim/webtalk.log
# Journal file: C:/Users/Zak/Desktop/master_2/projet/Program-synthesis-grom-Go-to-zyng-/exemple1/channel_design/channel_design.sim/sim_1/behav/xsim\webtalk.jou
#-----------------------------------------------------------
source C:/Users/Zak/Desktop/master_2/projet/Program-synthesis-grom-Go-to-zyng-/exemple1/channel_design/channel_design.sim/sim_1/behav/xsim/xsim.dir/tb_channel_behav/webtalk/xsim_webtalk.tcl -notrace
